{
  "visits" : {
    "Ԫ滰臹긾" : {
      "id" : -8003243551929583629,
      "page" : "㏯‌얓ꓻ뷣쭯杯Ё⃁캑诓쫡ต뙥댉팤䗣푴쐜簼敄쿿戲딁퀽퓉᳞⡩鷹哢䰷弳ﵝꢣ䗡ႆꜫ徇䥪㛌ઁ熱祽﫯䇖臕Ӯ旮낒䬷ᯚ貏輯潪躃抿窽韜唀᩠⻸⋂僦ķ铊멆衝볾砽䐞ꂜ춱꺟䜔쉞㦗ቡᄷ픹О⼭䈾苀峬ဟ邃뒟佝괢慮",
      "ts" : "1970-01-01T00:00:00Z"
    },
    "ڈ鄲埉ⶮꥉﱵ깸漵囝缈延髝㈀킓囚೛ꑽૢ鈭灦骉⹟菉＠ৼ⧽쏓ྊ箶躣鷌郏䥘ᆼ幨䛍锩薤豷䃍ۏ睯雝ᴣ쓹햋䲪" : {
      "id" : 3405974324247357889,
      "page" : "ࢺ甎펊ୈ粒챦鳽잌촾ᚲ厑曯쳑毝㬎꫻욥럄嵄╷瘁窙巁쒠ဲ㬁鵃픬㓛踷벑桄퐅蚴ᖻ痭沓箜ﴉ夡橘쯃㨆채瘫㯥렱ꙵﶼ᪵㑪逴穋剮ꘉଜૌ䟋",
      "ts" : "-211082490-03-29T01:06:34.266Z"
    },
    "ຂྗ砦攽ﺛ⨿㘡閉屛진쵑瑯﬒◿丆뾽↹흛ꇽ軴ℎﻷ䟞Ὢ衤謜橨꧖䆑ퟜ똤аⰄ동鯳♄⏤ཞ軲뢱䕸᦭㻏瞒쎻鿪࣫ퟁ黙냕蜳骯耫蕢ꌳ䏸履胷ᚘ䶖ꏉ㒿ᾈ㠀㣮쌽愗桖䊁夷謃ꋷ胨髓鋚↮晣뇳엚驥Ɒ༲᳨듃믟⃼" : {
      "id" : -1373669277660527135,
      "page" : "ﲄ〇ᓚ䓛ᡏ㾬묀鄎ᵛꨎ辔춥킔\u0096躬ᬣ썦뺜Ъ姗",
      "ts" : "1969-12-31T23:59:59.999Z"
    },
    "ᵌ쾝퍔娕ꓲ㚍ꡤᒄ᫳䶷ʩ鯇ꘖꛞ瓘ퟥ㏩焨뛴븇⍏忈⊘☉숪ꩊ범入ጂ優廙댿ๅ䲱軆퀣ā詸쿿ሪ捱臡㻼̬儀閭൉ⵤ㟃哄鎒雙帾晨⏝钀颂ᓤ찃屏ⰱ䈛" : {
      "id" : -9223372036854775808,
      "page" : "५ཧą߱㪖挅⏟榡壩䅋Ƣ潙஢쀴ʐ苁(᦮ꊑ뫰麔䓚喐囖䗧ꨄ㉹ᐔ맋䡋篊싃∈䬈蝋ു彐掬쓱䦪䭮⺿뇳䑎䌁吂햎庩䠭걏流⑔ಳឮᄑ䥪Ꮦ⇭斳飝ඤ늉釘硄萗亀⤔䊏✢㿀쵲陛킀ꀛ굜䲑董",
      "ts" : "1970-01-01T00:00:00.001Z"
    },
    "䜡&㾬燓蝏夜௼瞕賙剢䬗陹㓫龌ᕭ뵏縦꣺輷ƚ毜ᑸᷗ鑽榰" : {
      "id" : -1,
      "page" : "로ꠀԗㆼﶜ豐锡ۤ櫷Ꮦ낥帱俽衕씶먭ꉫ輭내セ숖扆⯟⟝꘢ㄯ㹲譋牣蒀ￒ㕸傪嗝鋂᪝ｧ儅夶鰢壱轙。ꫦꟾ襸炾橝욣쵋戙쑲돸ଘ欹윜蒫唑ち轶꠼凚ꟺ䓃䵺鶘뼝쿦᫊넟",
      "ts" : "+108132515-01-01T11:55:37.007Z"
    },
    "棲峓鼪㎱凲쀃勍꜃ᒑ覺먶ꭈᇼ鉤鎳픅倬复" : {
      "id" : 1,
      "page" : "䒦렎杻䔖䟯⁰튛襠橯轳嶇㷅㕲㿿츹狕矪揍೉럒⏛ᅫ罚鍀஍㣪㘑ᘊ௃鋊暏㿜힘驥፮ᕦ뚴ಹ걹⡍䮴┡꫞위ὥ፶㓿웊ᵍ䅄롶销",
      "ts" : "-141635275-11-07T17:30:09.825Z"
    },
    "玜뜋⠑榵舑ᠽ₄ꉦ鐒崠ꢜ孴ꯖ擙ꞹ" : {
      "id" : 4915459671307458206,
      "page" : "﯑ꉎ䇽믭组␑춤顥텙虥씿鬕ㄘ⧻闡뚸䨁刲䟎ᔾ๛嚲돐蠠ừ㑼왺鋺꽮꤈鐨濤䧣肷뻶靔촃ພ㵤䀡镔奝酓켅ꜜ꧶鯒ﻯȉ尌巯仢㛩犮ꙭḂ䑺餉㷳핸艂ꆔﭯ咣䌔춨綫⒟个䜙驓썐㋁棁ꐼ맶爮ばᴚ฾⧒堝ℸ㽄鶲",
      "ts" : "+226305528-01-09T12:51:18.882Z"
    },
    "盄淫撟쓶깆䳸硚࡮戍⎭Ե팤竷ॼࠝ⭎ᨃ圣滅龜－뇤峚ኣ⩻✓�鯌籅岦麇橄췦ݰ꽊䘮䎷м䴊υ捀픎菄ΐ餤௜썆뤧祒ㆴᶄ㐩娅佼ꦄ壆阐靲짦Ֆ䃺韕횏콾봊趹俥혃춤䰻혜紈꘶ᵝ靯騟잳븡ꠘ빱⿂䓋肀蹬衹ᔹ蝰讥帡\u0097膘ដ꣌⺙" : {
      "id" : 6631677746703993139,
      "page" : "ʊ뤹睤댘㎰碜㽳铱⠈쩤勺ය㖻इ띗⿑왮샣ꚜ駓䲆䊾蹒찼Ṻ䕜䚤퇬䙰Ɑ涃铹肕꺛ﺇ燃⑂瘔꿑▭䐖在サ齏唊⺗齯",
      "ts" : "+50799893-06-27T23:35:30.333Z"
    },
    "鋡羫嬦쩇㋸Ὸ鯶ﱲ褥笃䛵誈넶稕։弈ቀ풙躠襈➧陗⛂獌쎹" : {
      "id" : 0,
      "page" : "ꈿ៎結䝠㎸⼋䟧ꀒㄔ俳咪䵌쪛砾⑲¬ʇ蠪ۢ薴仨೧簇녲쑮",
      "ts" : "-111397400-01-21T13:16:08.743Z"
    },
    "雛䇻᧖朁蔵Ꝥ⦜钤訕턅죊ଊ킑ᗤ唃䩠쨻鵷뭱䊉䝴蛿䠣桮漫ꇌ왘럊绊荮ꨨ鲸癴켩败툩ꜩ솖괝㘭쩽됾晁ڵ瓞휀" : {
      "id" : -1,
      "page" : "⋄Ǭ⏎⬆뾌웋ởᑠ柯溌福።擕⸰猜ꐶ閰浊࿫⏣ᄓ飠ꥄ猒꾑퍟䮳댛匉啕롴괪즕漺",
      "ts" : "+116639723-05-19T15:17:26.162Z"
    },
    "렁겆⬡琖팟ꁄ嫦㰫鄞퓡᎕ἆ扊놬챹㌯／왌焤ꛚ蝤큼Ꮠǒ桂鿱酬鴝☸㳙⢽料쎯䝻띋翙㤦⡖ꕰ护岄ᷳ齗恿ဗ덎몗ẕ얒䋂蹿믕鄲備뒏嚋怶斦◡᰽䐕斢ை땃ė엯Ꝋᦴⶬ寯㺻㉒" : {
      "id" : -186918810474117065,
      "page" : "蝽",
      "ts" : "-292275055-05-16T16:47:04.192Z"
    },
    "쁠湓╤㤄烺힮⦽⽹ퟴ瓱Ḽ떜ᄃ௓ᯛ㉲䒇労肟沄饶댛郹" : {
      "id" : 1,
      "page" : "ﺊ◡⛑쁣ᮾ팍ᱰ沜鐿橃䓈\u0081㠆쌪饮咷䯿笷灮縮䔌碩懹糙跞﬏꾜鵬씄儶쾦헝ް汒︓䘣",
      "ts" : "+217562242-07-29T11:39:37.946Z"
    },
    "㬊償䞧艆ꊔ댄韴쉓썄㇋튶᭺岺Ӈ槃讗璑脳씂檄룮ꡗ춖㒟酴绹섆处퉈彤졬㓖Ȩ슔밙䎄㟒뤙㩖넱᷵毉" : {
      "id" : -1,
      "page" : "矜汶ᗴ噣隯諏甇෈죸ꆀ⣻꼬婬떛ઁ聣잂삤팄좱☍鶮䲍䤚૤",
      "ts" : "-292275055-05-16T16:47:04.192Z"
    },
    "ﱜ" : {
      "id" : 0,
      "page" : "뽥婆䕴⣸ℑȹ⁢ᑮܪᅜ䃏炿ǀ꽊깇䨈꩹よ噠멃뺍᳗ꏽ壨肜턋뽆謷荑⅜쎞犣쭆ἱ",
      "ts" : "-292275055-05-16T16:47:04.192Z"
    }
  }
}