{
  "id" : 0,
  "page" : "峐녌䡿⫝矫羪윐阆◤最蚿龩統靁⁯蕇䣄⢷服겮쬙H䟭ႀἵ貒㇞ਾ糷巀ໞ嶸ౝ篝ቻ簢렩ᘤ翟殇",
  "ts" : "1969-12-31T23:59:59.999Z"
}