{
  "id" : -9223372036854775808,
  "page" : "騻ύ볽츋ｃ᠛ж慫煲䥤焱쁥퉶㌴禌朵꼄靆蝫̃鸝ཪꈔ⪁㽚ꅖᨏً㿂ໂ껗渚暈毓뵿里壾䤹貂岚鎏鑅ᯝꧮዞ酆좹⥚䴓鼜ꈿ鏷ꅶ髍獛",
  "ts" : "+292278994-08-17T07:12:55.807Z"
}